Archive member included to satisfy reference by file (symbol)

c:/st/stm32cubeide_1.11.2/stm32cubeide/plugins/com.st.stm32cube.ide.mcu.externaltools.gnu-tools-for-stm32.10.3-2021.10.win32_1.0.100.202210260954/tools/bin/../lib/gcc/arm-none-eabi/10.3.1/../../../../arm-none-eabi/lib/thumb/v6-m/nofp\libc_nano.a(lib_a-errno.o)
                              ./Core/Src/syscalls.o (__errno)
c:/st/stm32cubeide_1.11.2/stm32cubeide/plugins/com.st.stm32cube.ide.mcu.externaltools.gnu-tools-for-stm32.10.3-2021.10.win32_1.0.100.202210260954/tools/bin/../lib/gcc/arm-none-eabi/10.3.1/../../../../arm-none-eabi/lib/thumb/v6-m/nofp\libc_nano.a(lib_a-exit.o)
                              c:/st/stm32cubeide_1.11.2/stm32cubeide/plugins/com.st.stm32cube.ide.mcu.externaltools.gnu-tools-for-stm32.10.3-2021.10.win32_1.0.100.202210260954/tools/bin/../lib/gcc/arm-none-eabi/10.3.1/../../../../arm-none-eabi/lib/thumb/v6-m/nofp/crt0.o (exit)
c:/st/stm32cubeide_1.11.2/stm32cubeide/plugins/com.st.stm32cube.ide.mcu.externaltools.gnu-tools-for-stm32.10.3-2021.10.win32_1.0.100.202210260954/tools/bin/../lib/gcc/arm-none-eabi/10.3.1/../../../../arm-none-eabi/lib/thumb/v6-m/nofp\libc_nano.a(lib_a-impure.o)
                              c:/st/stm32cubeide_1.11.2/stm32cubeide/plugins/com.st.stm32cube.ide.mcu.externaltools.gnu-tools-for-stm32.10.3-2021.10.win32_1.0.100.202210260954/tools/bin/../lib/gcc/arm-none-eabi/10.3.1/../../../../arm-none-eabi/lib/thumb/v6-m/nofp\libc_nano.a(lib_a-exit.o) (_global_impure_ptr)
c:/st/stm32cubeide_1.11.2/stm32cubeide/plugins/com.st.stm32cube.ide.mcu.externaltools.gnu-tools-for-stm32.10.3-2021.10.win32_1.0.100.202210260954/tools/bin/../lib/gcc/arm-none-eabi/10.3.1/../../../../arm-none-eabi/lib/thumb/v6-m/nofp\libc_nano.a(lib_a-init.o)
                              c:/st/stm32cubeide_1.11.2/stm32cubeide/plugins/com.st.stm32cube.ide.mcu.externaltools.gnu-tools-for-stm32.10.3-2021.10.win32_1.0.100.202210260954/tools/bin/../lib/gcc/arm-none-eabi/10.3.1/../../../../arm-none-eabi/lib/thumb/v6-m/nofp/crt0.o (__libc_init_array)
c:/st/stm32cubeide_1.11.2/stm32cubeide/plugins/com.st.stm32cube.ide.mcu.externaltools.gnu-tools-for-stm32.10.3-2021.10.win32_1.0.100.202210260954/tools/bin/../lib/gcc/arm-none-eabi/10.3.1/../../../../arm-none-eabi/lib/thumb/v6-m/nofp\libc_nano.a(lib_a-memset.o)
                              c:/st/stm32cubeide_1.11.2/stm32cubeide/plugins/com.st.stm32cube.ide.mcu.externaltools.gnu-tools-for-stm32.10.3-2021.10.win32_1.0.100.202210260954/tools/bin/../lib/gcc/arm-none-eabi/10.3.1/../../../../arm-none-eabi/lib/thumb/v6-m/nofp/crt0.o (memset)
c:/st/stm32cubeide_1.11.2/stm32cubeide/plugins/com.st.stm32cube.ide.mcu.externaltools.gnu-tools-for-stm32.10.3-2021.10.win32_1.0.100.202210260954/tools/bin/../lib/gcc/arm-none-eabi/10.3.1/thumb/v6-m/nofp\libgcc.a(_udivsi3.o)
                              ./Core/Src/game.o (__aeabi_uidiv)
c:/st/stm32cubeide_1.11.2/stm32cubeide/plugins/com.st.stm32cube.ide.mcu.externaltools.gnu-tools-for-stm32.10.3-2021.10.win32_1.0.100.202210260954/tools/bin/../lib/gcc/arm-none-eabi/10.3.1/thumb/v6-m/nofp\libgcc.a(_dvmd_tls.o)
                              c:/st/stm32cubeide_1.11.2/stm32cubeide/plugins/com.st.stm32cube.ide.mcu.externaltools.gnu-tools-for-stm32.10.3-2021.10.win32_1.0.100.202210260954/tools/bin/../lib/gcc/arm-none-eabi/10.3.1/thumb/v6-m/nofp\libgcc.a(_udivsi3.o) (__aeabi_idiv0)

Discarded input sections

 .text          0x0000000000000000        0x0 c:/st/stm32cubeide_1.11.2/stm32cubeide/plugins/com.st.stm32cube.ide.mcu.externaltools.gnu-tools-for-stm32.10.3-2021.10.win32_1.0.100.202210260954/tools/bin/../lib/gcc/arm-none-eabi/10.3.1/thumb/v6-m/nofp/crti.o
 .data          0x0000000000000000        0x0 c:/st/stm32cubeide_1.11.2/stm32cubeide/plugins/com.st.stm32cube.ide.mcu.externaltools.gnu-tools-for-stm32.10.3-2021.10.win32_1.0.100.202210260954/tools/bin/../lib/gcc/arm-none-eabi/10.3.1/thumb/v6-m/nofp/crti.o
 .bss           0x0000000000000000        0x0 c:/st/stm32cubeide_1.11.2/stm32cubeide/plugins/com.st.stm32cube.ide.mcu.externaltools.gnu-tools-for-stm32.10.3-2021.10.win32_1.0.100.202210260954/tools/bin/../lib/gcc/arm-none-eabi/10.3.1/thumb/v6-m/nofp/crti.o
 .data          0x0000000000000000        0x4 c:/st/stm32cubeide_1.11.2/stm32cubeide/plugins/com.st.stm32cube.ide.mcu.externaltools.gnu-tools-for-stm32.10.3-2021.10.win32_1.0.100.202210260954/tools/bin/../lib/gcc/arm-none-eabi/10.3.1/thumb/v6-m/nofp/crtbegin.o
 .rodata        0x0000000000000000       0x24 c:/st/stm32cubeide_1.11.2/stm32cubeide/plugins/com.st.stm32cube.ide.mcu.externaltools.gnu-tools-for-stm32.10.3-2021.10.win32_1.0.100.202210260954/tools/bin/../lib/gcc/arm-none-eabi/10.3.1/thumb/v6-m/nofp/crtbegin.o
 .text          0x0000000000000000       0x80 c:/st/stm32cubeide_1.11.2/stm32cubeide/plugins/com.st.stm32cube.ide.mcu.externaltools.gnu-tools-for-stm32.10.3-2021.10.win32_1.0.100.202210260954/tools/bin/../lib/gcc/arm-none-eabi/10.3.1/../../../../arm-none-eabi/lib/thumb/v6-m/nofp/crt0.o
[...]
Memory Configuration

Name             Origin             Length             Attributes
RAM              0x0000000020000000 0x0000000000001800 xrw
FLASH            0x0000000008000000 0x0000000000004000 xr
*default*        0x0000000000000000 0xffffffffffffffff

Linker script and memory map

LOAD c:/st/stm32cubeide_1.11.2/stm32cubeide/plugins/com.st.stm32cube.ide.mcu.externaltools.gnu-tools-for-stm32.10.3-2021.10.win32_1.0.100.202210260954/tools/bin/../lib/gcc/arm-none-eabi/10.3.1/thumb/v6-m/nofp/crti.o
LOAD c:/st/stm32cubeide_1.11.2/stm32cubeide/plugins/com.st.stm32cube.ide.mcu.externaltools.gnu-tools-for-stm32.10.3-2021.10.win32_1.0.100.202210260954/tools/bin/../lib/gcc/arm-none-eabi/10.3.1/thumb/v6-m/nofp/crtbegin.o
LOAD c:/st/stm32cubeide_1.11.2/stm32cubeide/plugins/com.st.stm32cube.ide.mcu.externaltools.gnu-tools-for-stm32.10.3-2021.10.win32_1.0.100.202210260954/tools/bin/../lib/gcc/arm-none-eabi/10.3.1/../../../../arm-none-eabi/lib/thumb/v6-m/nofp/crt0.o
LOAD ./Core/Src/game.o
LOAD ./Core/Src/main.o
LOAD ./Core/Src/stm32c0xx_hal_msp.o
LOAD ./Core/Src/stm32c0xx_it.o
LOAD ./Core/Src/syscalls.o
LOAD ./Core/Src/sysmem.o
LOAD ./Core/Src/system_stm32c0xx.o
LOAD ./Core/Startup/startup_stm32c011j4mx.o
LOAD ./Drivers/STM32C0xx_HAL_Driver/Src/stm32c0xx_hal.o
LOAD ./Drivers/STM32C0xx_HAL_Driver/Src/stm32c0xx_hal_adc.o
LOAD ./Drivers/STM32C0xx_HAL_Driver/Src/stm32c0xx_hal_adc_ex.o
LOAD ./Drivers/STM32C0xx_HAL_Driver/Src/stm32c0xx_hal_cortex.o
LOAD ./Drivers/STM32C0xx_HAL_Driver/Src/stm32c0xx_hal_dma.o
LOAD ./Drivers/STM32C0xx_HAL_Driver/Src/stm32c0xx_hal_dma_ex.o
LOAD ./Drivers/STM32C0xx_HAL_Driver/Src/stm32c0xx_hal_exti.o
LOAD ./Drivers/STM32C0xx_HAL_Driver/Src/stm32c0xx_hal_flash.o
LOAD ./Drivers/STM32C0xx_HAL_Driver/Src/stm32c0xx_hal_flash_ex.o
LOAD ./Drivers/STM32C0xx_HAL_Driver/Src/stm32c0xx_hal_gpio.o
LOAD ./Drivers/STM32C0xx_HAL_Driver/Src/stm32c0xx_hal_pwr.o
LOAD ./Drivers/STM32C0xx_HAL_Driver/Src/stm32c0xx_hal_pwr_ex.o
LOAD ./Drivers/STM32C0xx_HAL_Driver/Src/stm32c0xx_hal_rcc.o
LOAD ./Drivers/STM32C0xx_HAL_Driver/Src/stm32c0xx_hal_rcc_ex.o
START GROUP
LOAD c:/st/stm32cubeide_1.11.2/stm32cubeide/plugins/com.st.stm32cube.ide.mcu.externaltools.gnu-tools-for-stm32.10.3-2021.10.win32_1.0.100.202210260954/tools/bin/../lib/gcc/arm-none-eabi/10.3.1/../../../../arm-none-eabi/lib/thumb/v6-m/nofp\libc_nano.a
LOAD c:/st/stm32cubeide_1.11.2/stm32cubeide/plugins/com.st.stm32cube.ide.mcu.externaltools.gnu-tools-for-stm32.10.3-2021.10.win32_1.0.100.202210260954/tools/bin/../lib/gcc/arm-none-eabi/10.3.1/../../../../arm-none-eabi/lib/thumb/v6-m/nofp\libm.a
END GROUP
START GROUP
LOAD c:/st/stm32cubeide_1.11.2/stm32cubeide/plugins/com.st.stm32cube.ide.mcu.externaltools.gnu-tools-for-stm32.10.3-2021.10.win32_1.0.100.202210260954/tools/bin/../lib/gcc/arm-none-eabi/10.3.1/thumb/v6-m/nofp\libgcc.a
LOAD c:/st/stm32cubeide_1.11.2/stm32cubeide/plugins/com.st.stm32cube.ide.mcu.externaltools.gnu-tools-for-stm32.10.3-2021.10.win32_1.0.100.202210260954/tools/bin/../lib/gcc/arm-none-eabi/10.3.1/../../../../arm-none-eabi/lib/thumb/v6-m/nofp\libc_nano.a
END GROUP
START GROUP
LOAD c:/st/stm32cubeide_1.11.2/stm32cubeide/plugins/com.st.stm32cube.ide.mcu.externaltools.gnu-tools-for-stm32.10.3-2021.10.win32_1.0.100.202210260954/tools/bin/../lib/gcc/arm-none-eabi/10.3.1/thumb/v6-m/nofp\libgcc.a
LOAD c:/st/stm32cubeide_1.11.2/stm32cubeide/plugins/com.st.stm32cube.ide.mcu.externaltools.gnu-tools-for-stm32.10.3-2021.10.win32_1.0.100.202210260954/tools/bin/../lib/gcc/arm-none-eabi/10.3.1/../../../../arm-none-eabi/lib/thumb/v6-m/nofp\libc_nano.a
LOAD c:/st/stm32cubeide_1.11.2/stm32cubeide/plugins/com.st.stm32cube.ide.mcu.externaltools.gnu-tools-for-stm32.10.3-2021.10.win32_1.0.100.202210260954/tools/bin/../lib/gcc/arm-none-eabi/10.3.1/../../../../arm-none-eabi/lib/thumb/v6-m/nofp\libnosys.a
END GROUP
START GROUP
LOAD c:/st/stm32cubeide_1.11.2/stm32cubeide/plugins/com.st.stm32cube.ide.mcu.externaltools.gnu-tools-for-stm32.10.3-2021.10.win32_1.0.100.202210260954/tools/bin/../lib/gcc/arm-none-eabi/10.3.1/thumb/v6-m/nofp\libgcc.a
LOAD c:/st/stm32cubeide_1.11.2/stm32cubeide/plugins/com.st.stm32cube.ide.mcu.externaltools.gnu-tools-for-stm32.10.3-2021.10.win32_1.0.100.202210260954/tools/bin/../lib/gcc/arm-none-eabi/10.3.1/../../../../arm-none-eabi/lib/thumb/v6-m/nofp\libc_nano.a
LOAD c:/st/stm32cubeide_1.11.2/stm32cubeide/plugins/com.st.stm32cube.ide.mcu.externaltools.gnu-tools-for-stm32.10.3-2021.10.win32_1.0.100.202210260954/tools/bin/../lib/gcc/arm-none-eabi/10.3.1/../../../../arm-none-eabi/lib/thumb/v6-m/nofp\libnosys.a
END GROUP
LOAD c:/st/stm32cubeide_1.11.2/stm32cubeide/plugins/com.st.stm32cube.ide.mcu.externaltools.gnu-tools-for-stm32.10.3-2021.10.win32_1.0.100.202210260954/tools/bin/../lib/gcc/arm-none-eabi/10.3.1/thumb/v6-m/nofp/crtend.o
LOAD c:/st/stm32cubeide_1.11.2/stm32cubeide/plugins/com.st.stm32cube.ide.mcu.externaltools.gnu-tools-for-stm32.10.3-2021.10.win32_1.0.100.202210260954/tools/bin/../lib/gcc/arm-none-eabi/10.3.1/thumb/v6-m/nofp/crtn.o
                0x0000000020001800                _estack = (ORIGIN (RAM) + LENGTH (RAM))
                0x0000000000000200                _Min_Heap_Size = 0x200
                0x0000000000000400                _Min_Stack_Size = 0x400

.isr_vector     0x0000000008000000       0xc0
                0x0000000008000000                . = ALIGN (0x4)
 *(.isr_vector)
 .isr_vector    0x0000000008000000       0xc0 ./Core/Startup/startup_stm32c011j4mx.o
                0x0000000008000000                g_pfnVectors
                0x00000000080000c0                . = ALIGN (0x4)

.text           0x00000000080000c0     0x2720
                0x00000000080000c0                . = ALIGN (0x4)
 *(.text)
 .text          0x00000000080000c0       0x48 c:/st/stm32cubeide_1.11.2/stm32cubeide/plugins/com.st.stm32cube.ide.mcu.externaltools.gnu-tools-for-stm32.10.3-2021.10.win32_1.0.100.202210260954/tools/bin/../lib/gcc/arm-none-eabi/10.3.1/thumb/v6-m/nofp/crtbegin.o
 .text          0x0000000008000108      0x114 c:/st/stm32cubeide_1.11.2/stm32cubeide/plugins/com.st.stm32cube.ide.mcu.externaltools.gnu-tools-for-stm32.10.3-2021.10.win32_1.0.100.202210260954/tools/bin/../lib/gcc/arm-none-eabi/10.3.1/thumb/v6-m/nofp\libgcc.a(_udivsi3.o)
                0x0000000008000108                __aeabi_uidiv
                0x0000000008000108                __udivsi3
                0x0000000008000214                __aeabi_uidivmod
 .text          0x000000000800021c        0x4 c:/st/stm32cubeide_1.11.2/stm32cubeide/plugins/com.st.stm32cube.ide.mcu.externaltools.gnu-tools-for-stm32.10.3-2021.10.win32_1.0.100.202210260954/tools/bin/../lib/gcc/arm-none-eabi/10.3.1/thumb/v6-m/nofp\libgcc.a(_dvmd_tls.o)
                0x000000000800021c                __aeabi_idiv0
                0x000000000800021c                __aeabi_ldiv0
 *(.text*)
 .text.setPinsAsInputs
                0x0000000008000220       0x70 ./Core/Src/game.o
                0x0000000008000220                setPinsAsInputs
 .text.setPinsAsOutputs
                0x0000000008000290       0x70 ./Core/Src/game.o
                0x0000000008000290                setPinsAsOutputs
 .text.showStartAnimation
                0x0000000008000300       0x9a ./Core/Src/game.o
                0x0000000008000300                showStartAnimation
 .text.showSequence
                0x000000000800039a       0xe4 ./Core/Src/game.o
                0x000000000800039a                showSequence
 *fill*         0x000000000800047e        0x2 
 .text.calculateNewRandom
                0x0000000008000480       0xa0 ./Core/Src/game.o
                0x0000000008000480                calculateNewRandom
 .text.getKeys  0x0000000008000520       0xe8 ./Core/Src/game.o
                0x0000000008000520                getKeys
 .text.getButtons
                0x0000000008000608       0x82 ./Core/Src/game.o
                0x0000000008000608                getButtons
 .text.showFailAnimation
                0x000000000800068a       0x92 ./Core/Src/game.o
                0x000000000800068a                showFailAnimation
 .text.showResult
                0x000000000800071c      0x16a ./Core/Src/game.o
                0x000000000800071c                showResult
 *fill*         0x0000000008000886        0x2 
 .text.main     0x0000000008000888      0x11c ./Core/Src/main.o
                0x0000000008000888                main
 .text.SystemClock_Config
                0x00000000080009a4       0x88 ./Core/Src/main.o
                0x00000000080009a4                SystemClock_Config
 .text.MX_ADC1_Init
                0x0000000008000a2c      0x118 ./Core/Src/main.o
 .text.MX_GPIO_Init
                0x0000000008000b44       0xc8 ./Core/Src/main.o
 .text.Error_Handler
                0x0000000008000c0c        0xa ./Core/Src/main.o
                0x0000000008000c0c                Error_Handler
 *fill*         0x0000000008000c16        0x2 
 .text.HAL_MspInit
                0x0000000008000c18       0x48 ./Core/Src/stm32c0xx_hal_msp.o
                0x0000000008000c18                HAL_MspInit
 .text.HAL_ADC_MspInit
                0x0000000008000c60       0xb8 ./Core/Src/stm32c0xx_hal_msp.o
                0x0000000008000c60                HAL_ADC_MspInit
 .text.NMI_Handler
                0x0000000008000d18        0x6 ./Core/Src/stm32c0xx_it.o
                0x0000000008000d18                NMI_Handler
 .text.HardFault_Handler
                0x0000000008000d1e        0x6 ./Core/Src/stm32c0xx_it.o
                0x0000000008000d1e                HardFault_Handler
 .text.SVC_Handler
                0x0000000008000d24        0xa ./Core/Src/stm32c0xx_it.o
                0x0000000008000d24                SVC_Handler
 .text.PendSV_Handler
                0x0000000008000d2e        0xa ./Core/Src/stm32c0xx_it.o
                0x0000000008000d2e                PendSV_Handler
 .text.SysTick_Handler
                0x0000000008000d38        0xe ./Core/Src/stm32c0xx_it.o
                0x0000000008000d38                SysTick_Handler
 *fill*         0x0000000008000d46        0x2 
 .text.SystemInit
                0x0000000008000d48       0x18 ./Core/Src/system_stm32c0xx.o
                0x0000000008000d48                SystemInit
 .text.Reset_Handler
                0x0000000008000d60       0x50 ./Core/Startup/startup_stm32c011j4mx.o
                0x0000000008000d60                Reset_Handler
 .text.Default_Handler
                0x0000000008000db0        0x2 ./Core/Startup/startup_stm32c011j4mx.o
                0x0000000008000db0                TIM1_CC_IRQHandler
                0x0000000008000db0                I2C1_IRQHandler
                0x0000000008000db0                DMAMUX1_IRQHandler
                0x0000000008000db0                SPI1_IRQHandler
                0x0000000008000db0                EXTI2_3_IRQHandler
                0x0000000008000db0                ADC1_IRQHandler
                0x0000000008000db0                TIM17_IRQHandler
                0x0000000008000db0                RTC_IRQHandler
                0x0000000008000db0                TIM16_IRQHandler
                0x0000000008000db0                TIM3_IRQHandler
                0x0000000008000db0                EXTI4_15_IRQHandler
                0x0000000008000db0                RCC_IRQHandler
                0x0000000008000db0                DMA1_Channel1_IRQHandler
                0x0000000008000db0                Default_Handler
                0x0000000008000db0                TIM14_IRQHandler
                0x0000000008000db0                EXTI0_1_IRQHandler
                0x0000000008000db0                WWDG_IRQHandler
                0x0000000008000db0                DMA1_Channel2_3_IRQHandler
                0x0000000008000db0                USART2_IRQHandler
                0x0000000008000db0                FLASH_IRQHandler
                0x0000000008000db0                USART1_IRQHandler
                0x0000000008000db0                TIM1_BRK_UP_TRG_COM_IRQHandler
 *fill*         0x0000000008000db2        0x2 
 .text.LL_SYSCFG_ConfigPinMux
                0x0000000008000db4       0x1c ./Drivers/STM32C0xx_HAL_Driver/Src/stm32c0xx_hal.o
 .text.HAL_Init
                0x0000000008000dd0       0x2e ./Drivers/STM32C0xx_HAL_Driver/Src/stm32c0xx_hal.o
                0x0000000008000dd0                HAL_Init
 *fill*         0x0000000008000dfe        0x2 
 .text.HAL_InitTick
                0x0000000008000e00       0x94 ./Drivers/STM32C0xx_HAL_Driver/Src/stm32c0xx_hal.o
                0x0000000008000e00                HAL_InitTick
 .text.HAL_IncTick
                0x0000000008000e94       0x20 ./Drivers/STM32C0xx_HAL_Driver/Src/stm32c0xx_hal.o
                0x0000000008000e94                HAL_IncTick
 .text.HAL_GetTick
                0x0000000008000eb4       0x14 ./Drivers/STM32C0xx_HAL_Driver/Src/stm32c0xx_hal.o
                0x0000000008000eb4                HAL_GetTick
 .text.HAL_Delay
                0x0000000008000ec8       0x44 ./Drivers/STM32C0xx_HAL_Driver/Src/stm32c0xx_hal.o
                0x0000000008000ec8                HAL_Delay
 .text.HAL_SYSCFG_SetPinBinding
                0x0000000008000f0c       0x18 ./Drivers/STM32C0xx_HAL_Driver/Src/stm32c0xx_hal.o
                0x0000000008000f0c                HAL_SYSCFG_SetPinBinding
 .text.LL_ADC_SetCommonPathInternalCh
                0x0000000008000f24       0x28 ./Drivers/STM32C0xx_HAL_Driver/Src/stm32c0xx_hal_adc.o
 .text.LL_ADC_GetCommonPathInternalCh
                0x0000000008000f4c       0x1a ./Drivers/STM32C0xx_HAL_Driver/Src/stm32c0xx_hal_adc.o
 .text.LL_ADC_SetSamplingTimeCommonChannels
                0x0000000008000f66       0x3a ./Drivers/STM32C0xx_HAL_Driver/Src/stm32c0xx_hal_adc.o
 .text.LL_ADC_GetSamplingTimeCommonChannels
                0x0000000008000fa0       0x2e ./Drivers/STM32C0xx_HAL_Driver/Src/stm32c0xx_hal_adc.o
 .text.LL_ADC_REG_SetSequencerRanks
                0x0000000008000fce       0x40 ./Drivers/STM32C0xx_HAL_Driver/Src/stm32c0xx_hal_adc.o
 .text.LL_ADC_REG_SetSequencerChAdd
                0x000000000800100e       0x22 ./Drivers/STM32C0xx_HAL_Driver/Src/stm32c0xx_hal_adc.o
 .text.LL_ADC_REG_SetSequencerChRem
                0x0000000008001030       0x24 ./Drivers/STM32C0xx_HAL_Driver/Src/stm32c0xx_hal_adc.o
 .text.LL_ADC_SetChannelSamplingTime
                0x0000000008001054       0x38 ./Drivers/STM32C0xx_HAL_Driver/Src/stm32c0xx_hal_adc.o
 .text.LL_ADC_EnableInternalRegulator
                0x000000000800108c       0x28 ./Drivers/STM32C0xx_HAL_Driver/Src/stm32c0xx_hal_adc.o
 .text.LL_ADC_IsInternalRegulatorEnabled
                0x00000000080010b4       0x28 ./Drivers/STM32C0xx_HAL_Driver/Src/stm32c0xx_hal_adc.o
 .text.LL_ADC_Enable
                0x00000000080010dc       0x24 ./Drivers/STM32C0xx_HAL_Driver/Src/stm32c0xx_hal_adc.o
 .text.LL_ADC_IsEnabled
                0x0000000008001100       0x22 ./Drivers/STM32C0xx_HAL_Driver/Src/stm32c0xx_hal_adc.o
 *fill*         0x0000000008001122        0x2 
 .text.LL_ADC_REG_StartConversion
                0x0000000008001124       0x24 ./Drivers/STM32C0xx_HAL_Driver/Src/stm32c0xx_hal_adc.o
 .text.LL_ADC_REG_IsConversionOngoing
                0x0000000008001148       0x22 ./Drivers/STM32C0xx_HAL_Driver/Src/stm32c0xx_hal_adc.o
 *fill*         0x000000000800116a        0x2 
 .text.HAL_ADC_Init
                0x000000000800116c      0x390 ./Drivers/STM32C0xx_HAL_Driver/Src/stm32c0xx_hal_adc.o
                0x000000000800116c                HAL_ADC_Init
 .text.HAL_ADC_Start
                0x00000000080014fc       0x9c ./Drivers/STM32C0xx_HAL_Driver/Src/stm32c0xx_hal_adc.o
                0x00000000080014fc                HAL_ADC_Start
 .text.HAL_ADC_GetValue
                0x0000000008001598       0x16 ./Drivers/STM32C0xx_HAL_Driver/Src/stm32c0xx_hal_adc.o
                0x0000000008001598                HAL_ADC_GetValue
 *fill*         0x00000000080015ae        0x2 
 .text.HAL_ADC_ConfigChannel
                0x00000000080015b0      0x3ac ./Drivers/STM32C0xx_HAL_Driver/Src/stm32c0xx_hal_adc.o
                0x00000000080015b0                HAL_ADC_ConfigChannel
 .text.ADC_Enable
                0x000000000800195c       0xfc ./Drivers/STM32C0xx_HAL_Driver/Src/stm32c0xx_hal_adc.o
                0x000000000800195c                ADC_Enable
 .text.__NVIC_SetPriority
                0x0000000008001a58       0xdc ./Drivers/STM32C0xx_HAL_Driver/Src/stm32c0xx_hal_cortex.o
 .text.SysTick_Config
                0x0000000008001b34       0x48 ./Drivers/STM32C0xx_HAL_Driver/Src/stm32c0xx_hal_cortex.o
 .text.HAL_NVIC_SetPriority
                0x0000000008001b7c       0x2a ./Drivers/STM32C0xx_HAL_Driver/Src/stm32c0xx_hal_cortex.o
                0x0000000008001b7c                HAL_NVIC_SetPriority
 .text.HAL_SYSTICK_Config
                0x0000000008001ba6       0x1a ./Drivers/STM32C0xx_HAL_Driver/Src/stm32c0xx_hal_cortex.o
                0x0000000008001ba6                HAL_SYSTICK_Config
 .text.HAL_GPIO_Init
                0x0000000008001bc0      0x2d4 ./Drivers/STM32C0xx_HAL_Driver/Src/stm32c0xx_hal_gpio.o
                0x0000000008001bc0                HAL_GPIO_Init
 .text.HAL_GPIO_ReadPin
                0x0000000008001e94       0x3a ./Drivers/STM32C0xx_HAL_Driver/Src/stm32c0xx_hal_gpio.o
                0x0000000008001e94                HAL_GPIO_ReadPin
 .text.HAL_GPIO_WritePin
                0x0000000008001ece       0x3a ./Drivers/STM32C0xx_HAL_Driver/Src/stm32c0xx_hal_gpio.o
                0x0000000008001ece                HAL_GPIO_WritePin
 .text.HAL_RCC_OscConfig
                0x0000000008001f08      0x3f4 ./Drivers/STM32C0xx_HAL_Driver/Src/stm32c0xx_hal_rcc.o
                0x0000000008001f08                HAL_RCC_OscConfig
 .text.HAL_RCC_ClockConfig
                0x00000000080022fc      0x214 ./Drivers/STM32C0xx_HAL_Driver/Src/stm32c0xx_hal_rcc.o
                0x00000000080022fc                HAL_RCC_ClockConfig
 .text.HAL_RCC_GetSysClockFreq
                0x0000000008002510       0x84 ./Drivers/STM32C0xx_HAL_Driver/Src/stm32c0xx_hal_rcc.o
                0x0000000008002510                HAL_RCC_GetSysClockFreq
 .text.HAL_RCCEx_PeriphCLKConfig
                0x0000000008002594      0x1dc ./Drivers/STM32C0xx_HAL_Driver/Src/stm32c0xx_hal_rcc_ex.o
                0x0000000008002594                HAL_RCCEx_PeriphCLKConfig
 .text.__libc_init_array
                0x0000000008002770       0x48 c:/st/stm32cubeide_1.11.2/stm32cubeide/plugins/com.st.stm32cube.ide.mcu.externaltools.gnu-tools-for-stm32.10.3-2021.10.win32_1.0.100.202210260954/tools/bin/../lib/gcc/arm-none-eabi/10.3.1/../../../../arm-none-eabi/lib/thumb/v6-m/nofp\libc_nano.a(lib_a-init.o)
                0x0000000008002770                __libc_init_array
 .text.memset   0x00000000080027b8       0x10 c:/st/stm32cubeide_1.11.2/stm32cubeide/plugins/com.st.stm32cube.ide.mcu.externaltools.gnu-tools-for-stm32.10.3-2021.10.win32_1.0.100.202210260954/tools/bin/../lib/gcc/arm-none-eabi/10.3.1/../../../../arm-none-eabi/lib/thumb/v6-m/nofp\libc_nano.a(lib_a-memset.o)
                0x00000000080027b8                memset
 *(.glue_7)
 .glue_7        0x00000000080027c8        0x0 linker stubs
 *(.glue_7t)
 .glue_7t       0x00000000080027c8        0x0 linker stubs
 *(.eh_frame)
 .eh_frame      0x00000000080027c8        0x0 c:/st/stm32cubeide_1.11.2/stm32cubeide/plugins/com.st.stm32cube.ide.mcu.externaltools.gnu-tools-for-stm32.10.3-2021.10.win32_1.0.100.202210260954/tools/bin/../lib/gcc/arm-none-eabi/10.3.1/thumb/v6-m/nofp/crtbegin.o
 *(.init)
 .init          0x00000000080027c8        0x4 c:/st/stm32cubeide_1.11.2/stm32cubeide/plugins/com.st.stm32cube.ide.mcu.externaltools.gnu-tools-for-stm32.10.3-2021.10.win32_1.0.100.202210260954/tools/bin/../lib/gcc/arm-none-eabi/10.3.1/thumb/v6-m/nofp/crti.o
                0x00000000080027c8                _init
 .init          0x00000000080027cc        0x8 c:/st/stm32cubeide_1.11.2/stm32cubeide/plugins/com.st.stm32cube.ide.mcu.externaltools.gnu-tools-for-stm32.10.3-2021.10.win32_1.0.100.202210260954/tools/bin/../lib/gcc/arm-none-eabi/10.3.1/thumb/v6-m/nofp/crtn.o
 *(.fini)
 .fini          0x00000000080027d4        0x4 c:/st/stm32cubeide_1.11.2/stm32cubeide/plugins/com.st.stm32cube.ide.mcu.externaltools.gnu-tools-for-stm32.10.3-2021.10.win32_1.0.100.202210260954/tools/bin/../lib/gcc/arm-none-eabi/10.3.1/thumb/v6-m/nofp/crti.o
                0x00000000080027d4                _fini
 .fini          0x00000000080027d8        0x8 c:/st/stm32cubeide_1.11.2/stm32cubeide/plugins/com.st.stm32cube.ide.mcu.externaltools.gnu-tools-for-stm32.10.3-2021.10.win32_1.0.100.202210260954/tools/bin/../lib/gcc/arm-none-eabi/10.3.1/thumb/v6-m/nofp/crtn.o
                0x00000000080027e0                . = ALIGN (0x4)
                0x00000000080027e0                _etext = .

.vfp11_veneer   0x00000000080027e0        0x0
 .vfp11_veneer  0x00000000080027e0        0x0 linker stubs

.v4_bx          0x00000000080027e0        0x0
 .v4_bx         0x00000000080027e0        0x0 linker stubs

.iplt           0x00000000080027e0        0x0
 .iplt          0x00000000080027e0        0x0 c:/st/stm32cubeide_1.11.2/stm32cubeide/plugins/com.st.stm32cube.ide.mcu.externaltools.gnu-tools-for-stm32.10.3-2021.10.win32_1.0.100.202210260954/tools/bin/../lib/gcc/arm-none-eabi/10.3.1/thumb/v6-m/nofp/crtbegin.o

.rodata         0x00000000080027e0       0x40
                0x00000000080027e0                . = ALIGN (0x4)
 *(.rodata)
 *(.rodata*)
 .rodata.AHBPrescTable
                0x00000000080027e0       0x40 ./Core/Src/system_stm32c0xx.o
                0x00000000080027e0                AHBPrescTable
                0x0000000008002820                . = ALIGN (0x4)

.rel.dyn        0x0000000008002820        0x0
 .rel.iplt      0x0000000008002820        0x0 c:/st/stm32cubeide_1.11.2/stm32cubeide/plugins/com.st.stm32cube.ide.mcu.externaltools.gnu-tools-for-stm32.10.3-2021.10.win32_1.0.100.202210260954/tools/bin/../lib/gcc/arm-none-eabi/10.3.1/thumb/v6-m/nofp/crtbegin.o

.ARM.extab      0x0000000008002820        0x0
                0x0000000008002820                . = ALIGN (0x4)
 *(.ARM.extab* .gnu.linkonce.armextab.*)
                0x0000000008002820                . = ALIGN (0x4)

.ARM            0x0000000008002820        0x0
                0x0000000008002820                . = ALIGN (0x4)
                0x0000000008002820                __exidx_start = .
 *(.ARM.exidx*)
                0x0000000008002820                __exidx_end = .
                0x0000000008002820                . = ALIGN (0x4)

.preinit_array  0x0000000008002820        0x0
                0x0000000008002820                . = ALIGN (0x4)
                0x0000000008002820                PROVIDE (__preinit_array_start = .)
 *(.preinit_array*)
                0x0000000008002820                PROVIDE (__preinit_array_end = .)
                0x0000000008002820                . = ALIGN (0x4)

.init_array     0x0000000008002820        0x4
                0x0000000008002820                . = ALIGN (0x4)
                0x0000000008002820                PROVIDE (__init_array_start = .)
 *(SORT_BY_NAME(.init_array.*))
 *(.init_array*)
 .init_array    0x0000000008002820        0x4 c:/st/stm32cubeide_1.11.2/stm32cubeide/plugins/com.st.stm32cube.ide.mcu.externaltools.gnu-tools-for-stm32.10.3-2021.10.win32_1.0.100.202210260954/tools/bin/../lib/gcc/arm-none-eabi/10.3.1/thumb/v6-m/nofp/crtbegin.o
                0x0000000008002824                PROVIDE (__init_array_end = .)
                0x0000000008002824                . = ALIGN (0x4)

.fini_array     0x0000000008002824        0x4
                0x0000000008002824                . = ALIGN (0x4)
                [!provide]                        PROVIDE (__fini_array_start = .)
 *(SORT_BY_NAME(.fini_array.*))
 *(.fini_array*)
 .fini_array    0x0000000008002824        0x4 c:/st/stm32cubeide_1.11.2/stm32cubeide/plugins/com.st.stm32cube.ide.mcu.externaltools.gnu-tools-for-stm32.10.3-2021.10.win32_1.0.100.202210260954/tools/bin/../lib/gcc/arm-none-eabi/10.3.1/thumb/v6-m/nofp/crtbegin.o
                [!provide]                        PROVIDE (__fini_array_end = .)
                0x0000000008002828                . = ALIGN (0x4)
                0x0000000008002828                _sidata = LOADADDR (.data)

.data           0x0000000020000000       0x28 load address 0x0000000008002828
                0x0000000020000000                . = ALIGN (0x4)
                0x0000000020000000                _sdata = .
 *(.data)
 *(.data*)
 .data.portList
                0x0000000020000000       0x10 ./Core/Src/main.o
                0x0000000020000000                portList
 .data.pinList  0x0000000020000010        0x8 ./Core/Src/main.o
                0x0000000020000010                pinList
 .data.delayTimes
                0x0000000020000018        0x4 ./Core/Src/main.o
                0x0000000020000018                delayTimes
 .data.SystemCoreClock
                0x000000002000001c        0x4 ./Core/Src/system_stm32c0xx.o
                0x000000002000001c                SystemCoreClock
 .data.uwTickPrio
                0x0000000020000020        0x4 ./Drivers/STM32C0xx_HAL_Driver/Src/stm32c0xx_hal.o
                0x0000000020000020                uwTickPrio
 .data.uwTickFreq
                0x0000000020000024        0x4 ./Drivers/STM32C0xx_HAL_Driver/Src/stm32c0xx_hal.o
                0x0000000020000024                uwTickFreq
 *(.RamFunc)
 *(.RamFunc*)
                0x0000000020000028                . = ALIGN (0x4)
                0x0000000020000028                _edata = .

.igot.plt       0x0000000020000028        0x0 load address 0x0000000008002850
 .igot.plt      0x0000000020000028        0x0 c:/st/stm32cubeide_1.11.2/stm32cubeide/plugins/com.st.stm32cube.ide.mcu.externaltools.gnu-tools-for-stm32.10.3-2021.10.win32_1.0.100.202210260954/tools/bin/../lib/gcc/arm-none-eabi/10.3.1/thumb/v6-m/nofp/crtbegin.o
                0x0000000020000028                . = ALIGN (0x4)

.bss            0x0000000020000028       0xec load address 0x0000000008002850
                0x0000000020000028                _sbss = .
                0x0000000020000028                __bss_start__ = _sbss
 *(.bss)
 .bss           0x0000000020000028       0x1c c:/st/stm32cubeide_1.11.2/stm32cubeide/plugins/com.st.stm32cube.ide.mcu.externaltools.gnu-tools-for-stm32.10.3-2021.10.win32_1.0.100.202210260954/tools/bin/../lib/gcc/arm-none-eabi/10.3.1/thumb/v6-m/nofp/crtbegin.o
 *(.bss*)
 .bss.hadc1     0x0000000020000044       0x64 ./Core/Src/main.o
                0x0000000020000044                hadc1
 .bss.keys      0x00000000200000a8       0x64 ./Core/Src/main.o
                0x00000000200000a8                keys
 .bss.steps     0x000000002000010c        0x1 ./Core/Src/main.o
                0x000000002000010c                steps
 *fill*         0x000000002000010d        0x3 
 .bss.uwTick    0x0000000020000110        0x4 ./Drivers/STM32C0xx_HAL_Driver/Src/stm32c0xx_hal.o
                0x0000000020000110                uwTick
 *(COMMON)
                0x0000000020000114                . = ALIGN (0x4)
                0x0000000020000114                _ebss = .
                0x0000000020000114                __bss_end__ = _ebss

._user_heap_stack
                0x0000000020000114      0x604 load address 0x0000000008002850
                0x0000000020000118                . = ALIGN (0x8)
 *fill*         0x0000000020000114        0x4 
                [!provide]                        PROVIDE (end = .)
                0x0000000020000118                PROVIDE (_end = .)
                0x0000000020000318                . = (. + _Min_Heap_Size)
 *fill*         0x0000000020000118      0x200 
                0x0000000020000718                . = (. + _Min_Stack_Size)
 *fill*         0x0000000020000318      0x400 
                0x0000000020000718                . = ALIGN (0x8)

/DISCARD/
 libc.a(*)
 libm.a(*)
 libgcc.a(*)

.ARM.attributes
                0x0000000000000000       0x28
 *(.ARM.attributes)
 .ARM.attributes
                0x0000000000000000       0x1e c:/st/stm32cubeide_1.11.2/stm32cubeide/plugins/com.st.stm32cube.ide.mcu.externaltools.gnu-tools-for-stm32.10.3-2021.10.win32_1.0.100.202210260954/tools/bin/../lib/gcc/arm-none-eabi/10.3.1/thumb/v6-m/nofp/crti.o
 .ARM.attributes
                0x000000000000001e       0x2c c:/st/stm32cubeide_1.11.2/stm32cubeide/plugins/com.st.stm32cube.ide.mcu.externaltools.gnu-tools-for-stm32.10.3-2021.10.win32_1.0.100.202210260954/tools/bin/../lib/gcc/arm-none-eabi/10.3.1/thumb/v6-m/nofp/crtbegin.o
 .ARM.attributes
                0x000000000000004a       0x2c ./Core/Src/game.o
 .ARM.attributes
                0x0000000000000076       0x2c ./Core/Src/main.o
 .ARM.attributes
                0x00000000000000a2       0x2c ./Core/Src/stm32c0xx_hal_msp.o
 .ARM.attributes
                0x00000000000000ce       0x2c ./Core/Src/stm32c0xx_it.o
 .ARM.attributes
                0x00000000000000fa       0x2c ./Core/Src/system_stm32c0xx.o
 .ARM.attributes
                0x0000000000000126       0x22 ./Core/Startup/startup_stm32c011j4mx.o
 .ARM.attributes
                0x0000000000000148       0x2c ./Drivers/STM32C0xx_HAL_Driver/Src/stm32c0xx_hal.o
 .ARM.attributes
                0x0000000000000174       0x2c ./Drivers/STM32C0xx_HAL_Driver/Src/stm32c0xx_hal_adc.o
 .ARM.attributes
                0x00000000000001a0       0x2c ./Drivers/STM32C0xx_HAL_Driver/Src/stm32c0xx_hal_cortex.o
 .ARM.attributes
                0x00000000000001cc       0x2c ./Drivers/STM32C0xx_HAL_Driver/Src/stm32c0xx_hal_gpio.o
 .ARM.attributes
                0x00000000000001f8       0x2c ./Drivers/STM32C0xx_HAL_Driver/Src/stm32c0xx_hal_rcc.o
 .ARM.attributes
                0x0000000000000224       0x2c ./Drivers/STM32C0xx_HAL_Driver/Src/stm32c0xx_hal_rcc_ex.o
 .ARM.attributes
                0x0000000000000250       0x2c c:/st/stm32cubeide_1.11.2/stm32cubeide/plugins/com.st.stm32cube.ide.mcu.externaltools.gnu-tools-for-stm32.10.3-2021.10.win32_1.0.100.202210260954/tools/bin/../lib/gcc/arm-none-eabi/10.3.1/../../../../arm-none-eabi/lib/thumb/v6-m/nofp\libc_nano.a(lib_a-init.o)
 .ARM.attributes
                0x000000000000027c       0x2c c:/st/stm32cubeide_1.11.2/stm32cubeide/plugins/com.st.stm32cube.ide.mcu.externaltools.gnu-tools-for-stm32.10.3-2021.10.win32_1.0.100.202210260954/tools/bin/../lib/gcc/arm-none-eabi/10.3.1/../../../../arm-none-eabi/lib/thumb/v6-m/nofp\libc_nano.a(lib_a-memset.o)
 .ARM.attributes
                0x00000000000002a8       0x1e c:/st/stm32cubeide_1.11.2/stm32cubeide/plugins/com.st.stm32cube.ide.mcu.externaltools.gnu-tools-for-stm32.10.3-2021.10.win32_1.0.100.202210260954/tools/bin/../lib/gcc/arm-none-eabi/10.3.1/thumb/v6-m/nofp\libgcc.a(_udivsi3.o)
 .ARM.attributes
                0x00000000000002c6       0x1e c:/st/stm32cubeide_1.11.2/stm32cubeide/plugins/com.st.stm32cube.ide.mcu.externaltools.gnu-tools-for-stm32.10.3-2021.10.win32_1.0.100.202210260954/tools/bin/../lib/gcc/arm-none-eabi/10.3.1/thumb/v6-m/nofp\libgcc.a(_dvmd_tls.o)
 .ARM.attributes
                0x00000000000002e4       0x1e c:/st/stm32cubeide_1.11.2/stm32cubeide/plugins/com.st.stm32cube.ide.mcu.externaltools.gnu-tools-for-stm32.10.3-2021.10.win32_1.0.100.202210260954/tools/bin/../lib/gcc/arm-none-eabi/10.3.1/thumb/v6-m/nofp/crtn.o
OUTPUT(simon_says_stm.elf elf32-littlearm)
LOAD linker stubs
LOAD c:/st/stm32cubeide_1.11.2/stm32cubeide/plugins/com.st.stm32cube.ide.mcu.externaltools.gnu-tools-for-stm32.10.3-2021.10.win32_1.0.100.202210260954/tools/bin/../lib/gcc/arm-none-eabi/10.3.1/../../../../arm-none-eabi/lib/thumb/v6-m/nofp\libc.a
LOAD c:/st/stm32cubeide_1.11.2/stm32cubeide/plugins/com.st.stm32cube.ide.mcu.externaltools.gnu-tools-for-stm32.10.3-2021.10.win32_1.0.100.202210260954/tools/bin/../lib/gcc/arm-none-eabi/10.3.1/../../../../arm-none-eabi/lib/thumb/v6-m/nofp\libm.a
LOAD c:/st/stm32cubeide_1.11.2/stm32cubeide/plugins/com.st.stm32cube.ide.mcu.externaltools.gnu-tools-for-stm32.10.3-2021.10.win32_1.0.100.202210260954/tools/bin/../lib/gcc/arm-none-eabi/10.3.1/thumb/v6-m/nofp\libgcc.a

.debug_info     0x0000000000000000     0x64ef
 .debug_info    0x0000000000000000      0xbd9 ./Core/Src/game.o
 .debug_info    0x0000000000000bd9      0xe66 ./Core/Src/main.o
 .debug_info    0x0000000000001a3f      0xb3e ./Core/Src/stm32c0xx_hal_msp.o
 .debug_info    0x000000000000257d       0xda ./Core/Src/stm32c0xx_it.o
 .debug_info    0x0000000000002657      0x371 ./Core/Src/system_stm32c0xx.o
 .debug_info    0x00000000000029c8       0x22 ./Core/Startup/startup_stm32c011j4mx.o
 .debug_info    0x00000000000029ea      0x839 ./Drivers/STM32C0xx_HAL_Driver/Src/stm32c0xx_hal.o
 .debug_info    0x0000000000003223     0x15cc ./Drivers/STM32C0xx_HAL_Driver/Src/stm32c0xx_hal_adc.o
 .debug_info    0x00000000000047ef      0x8a7 ./Drivers/STM32C0xx_HAL_Driver/Src/stm32c0xx_hal_cortex.o
 .debug_info    0x0000000000005096      0x598 ./Drivers/STM32C0xx_HAL_Driver/Src/stm32c0xx_hal_gpio.o
 .debug_info    0x000000000000562e      0x910 ./Drivers/STM32C0xx_HAL_Driver/Src/stm32c0xx_hal_rcc.o
 .debug_info    0x0000000000005f3e      0x5b1 ./Drivers/STM32C0xx_HAL_Driver/Src/stm32c0xx_hal_rcc_ex.o

.debug_abbrev   0x0000000000000000     0x163b
 .debug_abbrev  0x0000000000000000      0x1ff ./Core/Src/game.o
 .debug_abbrev  0x00000000000001ff      0x273 ./Core/Src/main.o
 .debug_abbrev  0x0000000000000472      0x1c5 ./Core/Src/stm32c0xx_hal_msp.o
 .debug_abbrev  0x0000000000000637       0x74 ./Core/Src/stm32c0xx_it.o
 .debug_abbrev  0x00000000000006ab      0x116 ./Core/Src/system_stm32c0xx.o
 .debug_abbrev  0x00000000000007c1       0x12 ./Core/Startup/startup_stm32c011j4mx.o
 .debug_abbrev  0x00000000000007d3      0x2db ./Drivers/STM32C0xx_HAL_Driver/Src/stm32c0xx_hal.o
 .debug_abbrev  0x0000000000000aae      0x264 ./Drivers/STM32C0xx_HAL_Driver/Src/stm32c0xx_hal_adc.o
 .debug_abbrev  0x0000000000000d12      0x2ac ./Drivers/STM32C0xx_HAL_Driver/Src/stm32c0xx_hal_cortex.o
 .debug_abbrev  0x0000000000000fbe      0x1ca ./Drivers/STM32C0xx_HAL_Driver/Src/stm32c0xx_hal_gpio.o
 .debug_abbrev  0x0000000000001188      0x29d ./Drivers/STM32C0xx_HAL_Driver/Src/stm32c0xx_hal_rcc.o
 .debug_abbrev  0x0000000000001425      0x216 ./Drivers/STM32C0xx_HAL_Driver/Src/stm32c0xx_hal_rcc_ex.o

.debug_aranges  0x0000000000000000      0x678
 .debug_aranges
                0x0000000000000000       0x60 ./Core/Src/game.o
 .debug_aranges
                0x0000000000000060       0x40 ./Core/Src/main.o
 .debug_aranges
                0x00000000000000a0       0x30 ./Core/Src/stm32c0xx_hal_msp.o
 .debug_aranges
                0x00000000000000d0       0x40 ./Core/Src/stm32c0xx_it.o
 .debug_aranges
                0x0000000000000110       0x28 ./Core/Src/system_stm32c0xx.o
 .debug_aranges
                0x0000000000000138       0x28 ./Core/Startup/startup_stm32c011j4mx.o
 .debug_aranges
                0x0000000000000160      0x110 ./Drivers/STM32C0xx_HAL_Driver/Src/stm32c0xx_hal.o
 .debug_aranges
                0x0000000000000270      0x1f0 ./Drivers/STM32C0xx_HAL_Driver/Src/stm32c0xx_hal_adc.o
 .debug_aranges
                0x0000000000000460       0xd8 ./Drivers/STM32C0xx_HAL_Driver/Src/stm32c0xx_hal_cortex.o
 .debug_aranges
                0x0000000000000538       0x60 ./Drivers/STM32C0xx_HAL_Driver/Src/stm32c0xx_hal_gpio.o
 .debug_aranges
                0x0000000000000598       0xa0 ./Drivers/STM32C0xx_HAL_Driver/Src/stm32c0xx_hal_rcc.o
 .debug_aranges
                0x0000000000000638       0x40 ./Drivers/STM32C0xx_HAL_Driver/Src/stm32c0xx_hal_rcc_ex.o

.debug_ranges   0x0000000000000000      0x5c0
 .debug_ranges  0x0000000000000000       0x50 ./Core/Src/game.o
 .debug_ranges  0x0000000000000050       0x30 ./Core/Src/main.o
 .debug_ranges  0x0000000000000080       0x20 ./Core/Src/stm32c0xx_hal_msp.o
 .debug_ranges  0x00000000000000a0       0x30 ./Core/Src/stm32c0xx_it.o
 .debug_ranges  0x00000000000000d0       0x18 ./Core/Src/system_stm32c0xx.o
 .debug_ranges  0x00000000000000e8       0x20 ./Core/Startup/startup_stm32c011j4mx.o
 .debug_ranges  0x0000000000000108      0x100 ./Drivers/STM32C0xx_HAL_Driver/Src/stm32c0xx_hal.o
 .debug_ranges  0x0000000000000208      0x1e0 ./Drivers/STM32C0xx_HAL_Driver/Src/stm32c0xx_hal_adc.o
 .debug_ranges  0x00000000000003e8       0xc8 ./Drivers/STM32C0xx_HAL_Driver/Src/stm32c0xx_hal_cortex.o
 .debug_ranges  0x00000000000004b0       0x50 ./Drivers/STM32C0xx_HAL_Driver/Src/stm32c0xx_hal_gpio.o
 .debug_ranges  0x0000000000000500       0x90 ./Drivers/STM32C0xx_HAL_Driver/Src/stm32c0xx_hal_rcc.o
 .debug_ranges  0x0000000000000590       0x30 ./Drivers/STM32C0xx_HAL_Driver/Src/stm32c0xx_hal_rcc_ex.o

.debug_macro    0x0000000000000000    0x12797
 .debug_macro   0x0000000000000000      0x1e3 ./Core/Src/game.o
 .debug_macro   0x00000000000001e3      0xa4e ./Core/Src/game.o
 .debug_macro   0x0000000000000c31       0x2e ./Core/Src/game.o
 .debug_macro   0x0000000000000c5f       0x28 ./Core/Src/game.o
 .debug_macro   0x0000000000000c87       0x22 ./Core/Src/game.o
 .debug_macro   0x0000000000000ca9       0x8e ./Core/Src/game.o
 .debug_macro   0x0000000000000d37       0x51 ./Core/Src/game.o
 .debug_macro   0x0000000000000d88      0x103 ./Core/Src/game.o
 .debug_macro   0x0000000000000e8b       0x6a ./Core/Src/game.o
 .debug_macro   0x0000000000000ef5      0x1df ./Core/Src/game.o
 .debug_macro   0x00000000000010d4       0x1c ./Core/Src/game.o
 .debug_macro   0x00000000000010f0       0x22 ./Core/Src/game.o
 .debug_macro   0x0000000000001112       0xd1 ./Core/Src/game.o
 .debug_macro   0x00000000000011e3      0x4da ./Core/Src/game.o
 .debug_macro   0x00000000000016bd      0x11f ./Core/Src/game.o
 .debug_macro   0x00000000000017dc     0x911a ./Core/Src/game.o
 .debug_macro   0x000000000000a8f6       0x6c ./Core/Src/game.o
 .debug_macro   0x000000000000a962      0x142 ./Core/Src/game.o
 .debug_macro   0x000000000000aaa4       0xe3 ./Core/Src/game.o
 .debug_macro   0x000000000000ab87     0x340f ./Core/Src/game.o
 .debug_macro   0x000000000000df96      0x174 ./Core/Src/game.o
 .debug_macro   0x000000000000e10a       0x5a ./Core/Src/game.o
 .debug_macro   0x000000000000e164      0x35f ./Core/Src/game.o
 .debug_macro   0x000000000000e4c3      0xaee ./Core/Src/game.o
 .debug_macro   0x000000000000efb1      0x136 ./Core/Src/game.o
 .debug_macro   0x000000000000f0e7      0x158 ./Core/Src/game.o
 .debug_macro   0x000000000000f23f      0x166 ./Core/Src/game.o
 .debug_macro   0x000000000000f3a5      0x264 ./Core/Src/game.o
 .debug_macro   0x000000000000f609      0x17e ./Core/Src/game.o
 .debug_macro   0x000000000000f787       0x43 ./Core/Src/game.o
 .debug_macro   0x000000000000f7ca      0x1f1 ./Core/Src/game.o
 .debug_macro   0x000000000000f9bb      0x918 ./Core/Src/game.o
 .debug_macro   0x00000000000102d3      0x5c9 ./Core/Src/game.o
 .debug_macro   0x000000000001089c       0x2e ./Core/Src/game.o
 .debug_macro   0x00000000000108ca      0x1aa ./Core/Src/game.o
 .debug_macro   0x0000000000010a74      0x34b ./Core/Src/game.o
 .debug_macro   0x0000000000010dbf       0x28 ./Core/Src/game.o
 .debug_macro   0x0000000000010de7       0xba ./Core/Src/game.o
 .debug_macro   0x0000000000010ea1       0xff ./Core/Src/game.o
 .debug_macro   0x0000000000010fa0       0xc6 ./Core/Src/game.o
 .debug_macro   0x0000000000011066      0x3aa ./Core/Src/game.o
 .debug_macro   0x0000000000011410       0x5e ./Core/Src/game.o
 .debug_macro   0x000000000001146e      0x1ed ./Core/Src/main.o
 .debug_macro   0x000000000001165b      0x1e3 ./Core/Src/stm32c0xx_hal_msp.o
 .debug_macro   0x000000000001183e      0x1ed ./Core/Src/stm32c0xx_it.o
 .debug_macro   0x0000000000011a2b      0x1d6 ./Core/Src/system_stm32c0xx.o
 .debug_macro   0x0000000000011c01      0x1ee ./Drivers/STM32C0xx_HAL_Driver/Src/stm32c0xx_hal.o
 .debug_macro   0x0000000000011def      0x1f4 ./Drivers/STM32C0xx_HAL_Driver/Src/stm32c0xx_hal_adc.o
 .debug_macro   0x0000000000011fe3      0x1d0 ./Drivers/STM32C0xx_HAL_Driver/Src/stm32c0xx_hal_cortex.o
 .debug_macro   0x00000000000121b3      0x202 ./Drivers/STM32C0xx_HAL_Driver/Src/stm32c0xx_hal_gpio.o
 .debug_macro   0x00000000000123b5      0x200 ./Drivers/STM32C0xx_HAL_Driver/Src/stm32c0xx_hal_rcc.o
 .debug_macro   0x00000000000125b5      0x1e2 ./Drivers/STM32C0xx_HAL_Driver/Src/stm32c0xx_hal_rcc_ex.o

.debug_line     0x0000000000000000     0x78ce
 .debug_line    0x0000000000000000      0xb2f ./Core/Src/game.o
 .debug_line    0x0000000000000b2f      0x84a ./Core/Src/main.o
 .debug_line    0x0000000000001379      0x73b ./Core/Src/stm32c0xx_hal_msp.o
 .debug_line    0x0000000000001ab4      0x745 ./Core/Src/stm32c0xx_it.o
 .debug_line    0x00000000000021f9      0x719 ./Core/Src/system_stm32c0xx.o
 .debug_line    0x0000000000002912       0x89 ./Core/Startup/startup_stm32c011j4mx.o
 .debug_line    0x000000000000299b      0xa5f ./Drivers/STM32C0xx_HAL_Driver/Src/stm32c0xx_hal.o
 .debug_line    0x00000000000033fa     0x1872 ./Drivers/STM32C0xx_HAL_Driver/Src/stm32c0xx_hal_adc.o
 .debug_line    0x0000000000004c6c      0xafd ./Drivers/STM32C0xx_HAL_Driver/Src/stm32c0xx_hal_cortex.o
 .debug_line    0x0000000000005769      0xafa ./Drivers/STM32C0xx_HAL_Driver/Src/stm32c0xx_hal_gpio.o
 .debug_line    0x0000000000006263      0xcf4 ./Drivers/STM32C0xx_HAL_Driver/Src/stm32c0xx_hal_rcc.o
 .debug_line    0x0000000000006f57      0x977 ./Drivers/STM32C0xx_HAL_Driver/Src/stm32c0xx_hal_rcc_ex.o

.debug_str      0x0000000000000000    0x7434c
 .debug_str     0x0000000000000000    0x725cb ./Core/Src/game.o
                                      0x72d5b (size before relaxing)
 .debug_str     0x00000000000725cb      0x2d6 ./Core/Src/main.o
                                      0x72fa9 (size before relaxing)
 .debug_str     0x00000000000728a1      0x126 ./Core/Src/stm32c0xx_hal_msp.o
                                      0x72e15 (size before relaxing)
 .debug_str     0x00000000000729c7       0x82 ./Core/Src/stm32c0xx_it.o
                                      0x726d5 (size before relaxing)
 .debug_str     0x0000000000072a49       0xe0 ./Core/Src/system_stm32c0xx.o
                                      0x72667 (size before relaxing)
 .debug_str     0x0000000000072b29       0x36 ./Core/Startup/startup_stm32c011j4mx.o
                                         0x69 (size before relaxing)
 .debug_str     0x0000000000072b5f      0x53f ./Drivers/STM32C0xx_HAL_Driver/Src/stm32c0xx_hal.o
                                      0x72c24 (size before relaxing)
 .debug_str     0x000000000007309e      0x8d7 ./Drivers/STM32C0xx_HAL_Driver/Src/stm32c0xx_hal_adc.o
                                      0x73409 (size before relaxing)
 .debug_str     0x0000000000073975      0x266 ./Drivers/STM32C0xx_HAL_Driver/Src/stm32c0xx_hal_cortex.o
                                      0x72a4c (size before relaxing)
 .debug_str     0x0000000000073bdb      0x1f2 ./Drivers/STM32C0xx_HAL_Driver/Src/stm32c0xx_hal_gpio.o
                                      0x72837 (size before relaxing)
 .debug_str     0x0000000000073dcd      0x457 ./Drivers/STM32C0xx_HAL_Driver/Src/stm32c0xx_hal_rcc.o
                                      0x72c47 (size before relaxing)
 .debug_str     0x0000000000074224      0x128 ./Drivers/STM32C0xx_HAL_Driver/Src/stm32c0xx_hal_rcc_ex.o
                                      0x728d7 (size before relaxing)

.comment        0x0000000000000000       0x50
 .comment       0x0000000000000000       0x50 ./Core/Src/game.o
                                         0x51 (size before relaxing)
 .comment       0x0000000000000050       0x51 ./Core/Src/main.o
 .comment       0x0000000000000050       0x51 ./Core/Src/stm32c0xx_hal_msp.o
 .comment       0x0000000000000050       0x51 ./Core/Src/stm32c0xx_it.o
 .comment       0x0000000000000050       0x51 ./Core/Src/system_stm32c0xx.o
 .comment       0x0000000000000050       0x51 ./Drivers/STM32C0xx_HAL_Driver/Src/stm32c0xx_hal.o
 .comment       0x0000000000000050       0x51 ./Drivers/STM32C0xx_HAL_Driver/Src/stm32c0xx_hal_adc.o
 .comment       0x0000000000000050       0x51 ./Drivers/STM32C0xx_HAL_Driver/Src/stm32c0xx_hal_cortex.o
 .comment       0x0000000000000050       0x51 ./Drivers/STM32C0xx_HAL_Driver/Src/stm32c0xx_hal_gpio.o
 .comment       0x0000000000000050       0x51 ./Drivers/STM32C0xx_HAL_Driver/Src/stm32c0xx_hal_rcc.o
 .comment       0x0000000000000050       0x51 ./Drivers/STM32C0xx_HAL_Driver/Src/stm32c0xx_hal_rcc_ex.o

.debug_frame    0x0000000000000000     0x15bc
 .debug_frame   0x0000000000000000      0x138 ./Core/Src/game.o
 .debug_frame   0x0000000000000138       0xac ./Core/Src/main.o
 .debug_frame   0x00000000000001e4       0x70 ./Core/Src/stm32c0xx_hal_msp.o
 .debug_frame   0x0000000000000254       0x9c ./Core/Src/stm32c0xx_it.o
 .debug_frame   0x00000000000002f0       0x4c ./Core/Src/system_stm32c0xx.o
 .debug_frame   0x000000000000033c      0x398 ./Drivers/STM32C0xx_HAL_Driver/Src/stm32c0xx_hal.o
 .debug_frame   0x00000000000006d4      0x790 ./Drivers/STM32C0xx_HAL_Driver/Src/stm32c0xx_hal_adc.o
 .debug_frame   0x0000000000000e64      0x2fc ./Drivers/STM32C0xx_HAL_Driver/Src/stm32c0xx_hal_cortex.o
 .debug_frame   0x0000000000001160      0x130 ./Drivers/STM32C0xx_HAL_Driver/Src/stm32c0xx_hal_gpio.o
 .debug_frame   0x0000000000001290      0x214 ./Drivers/STM32C0xx_HAL_Driver/Src/stm32c0xx_hal_rcc.o
 .debug_frame   0x00000000000014a4       0xac ./Drivers/STM32C0xx_HAL_Driver/Src/stm32c0xx_hal_rcc_ex.o
 .debug_frame   0x0000000000001550       0x2c c:/st/stm32cubeide_1.11.2/stm32cubeide/plugins/com.st.stm32cube.ide.mcu.externaltools.gnu-tools-for-stm32.10.3-2021.10.win32_1.0.100.202210260954/tools/bin/../lib/gcc/arm-none-eabi/10.3.1/../../../../arm-none-eabi/lib/thumb/v6-m/nofp\libc_nano.a(lib_a-init.o)
 .debug_frame   0x000000000000157c       0x20 c:/st/stm32cubeide_1.11.2/stm32cubeide/plugins/com.st.stm32cube.ide.mcu.externaltools.gnu-tools-for-stm32.10.3-2021.10.win32_1.0.100.202210260954/tools/bin/../lib/gcc/arm-none-eabi/10.3.1/../../../../arm-none-eabi/lib/thumb/v6-m/nofp\libc_nano.a(lib_a-memset.o)
 .debug_frame   0x000000000000159c       0x20 c:/st/stm32cubeide_1.11.2/stm32cubeide/plugins/com.st.stm32cube.ide.mcu.externaltools.gnu-tools-for-stm32.10.3-2021.10.win32_1.0.100.202210260954/tools/bin/../lib/gcc/arm-none-eabi/10.3.1/thumb/v6-m/nofp\libgcc.a(_udivsi3.o)
